#-----------------------------------------------------------
# Vivado v2018.2 (64-bit)
# SW Build 2258646 on Thu Jun 14 20:03:12 MDT 2018
# IP Build 2256618 on Thu Jun 14 22:10:49 MDT 2018
# Start of session at: Wed Dec 12 14:45:33 2018
# Process ID: 11428
# Current directory: C:/Users/Razer Blade/Downloads/Compressed/vivado
# Command line: vivado.exe -gui_launcher_event rodinguilauncherevent11784 C:\Users\Razer Blade\Downloads\Compressed\vivado\Processor_FPGA.xpr
# Log file: C:/Users/Razer Blade/Downloads/Compressed/vivado/vivado.log
# Journal file: C:/Users/Razer Blade/Downloads/Compressed/vivado\vivado.jou
#-----------------------------------------------------------
start_gui
open_project {C:/Users/Razer Blade/Downloads/Compressed/vivado/Processor_FPGA.xpr}
update_compile_order -fileset sources_1
update_compile_order -fileset sources_1
launch_simulation
source Processor_FPGA_tb.tcl
relaunch_sim
relaunch_sim
relaunch_sim
relaunch_sim
save_wave_config {C:/Users/Razer Blade/Downloads/Compressed/vivado/Processor_FPGA_tb_behav.wcfg}
add_files -fileset sim_1 -norecurse {{C:/Users/Razer Blade/Downloads/Compressed/vivado/Processor_FPGA_tb_behav.wcfg}}
set_property xsim.view {{C:/Users/Razer Blade/Downloads/Compressed/vivado/Processor_FPGA_tb_behav.wcfg}} [get_filesets sim_1]
relaunch_sim
close_sim
launch_simulation
launch_simulation
launch_simulation
open_wave_config {C:/Users/Razer Blade/Downloads/Compressed/vivado/Processor_FPGA_tb_behav.wcfg}
source Processor_FPGA_tb.tcl
close_sim
launch_simulation
open_wave_config {C:/Users/Razer Blade/Downloads/Compressed/vivado/Processor_FPGA_tb_behav.wcfg}
source Processor_FPGA_tb.tcl
restart
step
step
step
step
step
step
step
step
step
step
step
step
step
step
step
step
step
step
step
step
step
step
step
step
step
step
add_bp {C:/Users/Razer Blade/Downloads/Compressed/vivado/Processor_FPGA.srcs/sources_1/imports/Processor/DataMemory.vhd} 172
remove_bps -file {C:/Users/Razer Blade/Downloads/Compressed/vivado/Processor_FPGA.srcs/sources_1/imports/Processor/DataMemory.vhd} -line 172
relaunch_sim
save_wave_config {C:/Users/Razer Blade/Downloads/Compressed/vivado/Processor_FPGA_tb_behav.wcfg}
close_sim
launch_simulation
open_wave_config {C:/Users/Razer Blade/Downloads/Compressed/vivado/Processor_FPGA_tb_behav.wcfg}
source Processor_FPGA_tb.tcl
run 5 ns
run 5 ms
run 5 ms
close_sim
launch_simulation
open_wave_config {C:/Users/Razer Blade/Downloads/Compressed/vivado/Processor_FPGA_tb_behav.wcfg}
source Processor_FPGA_tb.tcl
close_sim
launch_simulation
open_wave_config {C:/Users/Razer Blade/Downloads/Compressed/vivado/Processor_FPGA_tb_behav.wcfg}
source Processor_FPGA_tb.tcl
close_sim
launch_simulation
open_wave_config {C:/Users/Razer Blade/Downloads/Compressed/vivado/Processor_FPGA_tb_behav.wcfg}
source Processor_FPGA_tb.tcl
save_wave_config {C:/Users/Razer Blade/Downloads/Compressed/vivado/Processor_FPGA_tb_behav.wcfg}
relaunch_sim
close_sim
launch_simulation
open_wave_config {C:/Users/Razer Blade/Downloads/Compressed/vivado/Processor_FPGA_tb_behav.wcfg}
source Processor_FPGA_tb.tcl
run 5 ms
save_wave_config {C:/Users/Razer Blade/Downloads/Compressed/vivado/Processor_FPGA_tb_behav.wcfg}
relaunch_sim
run 5 ms
save_wave_config {C:/Users/Razer Blade/Downloads/Compressed/vivado/Processor_FPGA_tb_behav.wcfg}
relaunch_sim
run 5 ms
close_sim
launch_simulation
open_wave_config {C:/Users/Razer Blade/Downloads/Compressed/vivado/Processor_FPGA_tb_behav.wcfg}
source Processor_FPGA_tb.tcl
run 5 ms
relaunch_sim
save_wave_config {C:/Users/Razer Blade/Downloads/Compressed/vivado/Processor_FPGA_tb_behav.wcfg}
run 5 ms
relaunch_sim
run 5 ms
close_sim
