#-----------------------------------------------------------
# Vivado v2018.2 (64-bit)
# SW Build 2258646 on Thu Jun 14 20:03:12 MDT 2018
# IP Build 2256618 on Thu Jun 14 22:10:49 MDT 2018
# Start of session at: Thu Dec 13 19:26:09 2018
# Process ID: 22492
# Current directory: C:/Users/Razer Blade/Downloads/Compressed/vivado
# Command line: vivado.exe -gui_launcher_event rodinguilauncherevent47016 C:\Users\Razer Blade\Downloads\Compressed\vivado\Processor_FPGA.xpr
# Log file: C:/Users/Razer Blade/Downloads/Compressed/vivado/vivado.log
# Journal file: C:/Users/Razer Blade/Downloads/Compressed/vivado\vivado.jou
#-----------------------------------------------------------
start_gui
open_project {C:/Users/Razer Blade/Downloads/Compressed/vivado/Processor_FPGA.xpr}
update_compile_order -fileset sources_1
launch_simulation
launch_simulation
open_wave_config {C:/Users/Razer Blade/Downloads/Compressed/vivado/Processor_FPGA_tb_behav.wcfg}
source Processor_FPGA_tb.tcl
run 5 ms
close_sim
launch_simulation
open_wave_config {C:/Users/Razer Blade/Downloads/Compressed/vivado/Processor_FPGA_tb_behav.wcfg}
source Processor_FPGA_tb.tcl
run 5 ms
run 5 ms
close_sim
launch_simulation
open_wave_config {C:/Users/Razer Blade/Downloads/Compressed/vivado/Processor_FPGA_tb_behav.wcfg}
source Processor_FPGA_tb.tcl
run 5 ms
close_sim
launch_simulation
open_wave_config {C:/Users/Razer Blade/Downloads/Compressed/vivado/Processor_FPGA_tb_behav.wcfg}
source Processor_FPGA_tb.tcl
run 5 ms
close_sim
launch_simulation
open_wave_config {C:/Users/Razer Blade/Downloads/Compressed/vivado/Processor_FPGA_tb_behav.wcfg}
source Processor_FPGA_tb.tcl
run 5 ms
